#
# There is insufficient memory for the Java Runtime Environment to continue.
# Native memory allocation (mmap) failed to map 12884901888 bytes. Error detail: committing reserved memory.
# Possible reasons:
#   The system is out of physical RAM or swap space
#   This process is running with CompressedOops enabled, and the Java Heap may be blocking the growth of the native heap
# Possible solutions:
#   Reduce memory load on the system
#   Increase physical memory or swap space
#   Check if swap backing store is full
#   Decrease Java heap size (-Xmx/-Xms)
#   Decrease number of Java threads
#   Decrease Java thread stack sizes (-Xss)
#   Set larger code cache with -XX:ReservedCodeCacheSize=
#   JVM is running with Zero Based Compressed Oops mode in which the Java heap is
#     placed in the first 32GB address space. The Java Heap base address is the
#     maximum limit for the native heap growth. Please use -XX:HeapBaseMinAddress
#     to set the Java Heap base and to place the Java Heap above 32GB virtual address.
# This output file may be truncated or incomplete.
#
#  Out of Memory Error (os_linux.cpp:2829), pid=4561, tid=4575
#
# JRE version:  (21.0.9+10) (build )
# Java VM: OpenJDK 64-Bit Server VM (21.0.9+10-LTS, mixed mode, sharing, tiered, compressed oops, compressed class ptrs, g1 gc, linux-amd64)
# Core dump will be written. Default location: Core dumps may be processed with "/usr/share/apport/apport -p%p -s%s -c%c -d%d -P%P -u%u -g%g -F%F -- %E" (or dumping to /workspaces/ua287/core.4561)
#

---------------  S U M M A R Y ------------

Command Line: -Xms12288M -Xmx12288M -XX:+UnlockExperimentalVMOptions -XX:+UseG1GC -XX:G1NewSizePercent=20 -XX:G1ReservePercent=20 -XX:MaxGCPauseMillis=50 -XX:G1HeapRegionSize=32M server.jar nogui

Host: AMD EPYC 7763 64-Core Processor, 2 cores, 7G, Ubuntu 24.04.3 LTS
Time: Thu Dec 11 11:29:13 2025 UTC elapsed time: 0.293775 seconds (0d 0h 0m 0s)

---------------  T H R E A D  ---------------

Current thread (0x00007fbd7c02ab30):  JavaThread "Unknown thread" [_thread_in_vm, id=4575, stack(0x00007fbd8309b000,0x00007fbd8319b000) (1024K)]

Stack: [0x00007fbd8309b000,0x00007fbd8319b000],  sp=0x00007fbd83199480,  free space=1017k
Native frames: (J=compiled Java code, j=interpreted, Vv=VM code, C=native code)
V  [libjvm.so+0x1018a58]  VMError::report_and_die(int, char const*, char const*, __va_list_tag*, Thread*, unsigned char*, void*, void*, char const*, int, unsigned long)+0x2b8  (os_linux.cpp:2829)
V  [libjvm.so+0x10194bd]
V  [libjvm.so+0x6bfdaf]
V  [libjvm.so+0xd124f4]  os::pd_commit_memory_or_exit(char*, unsigned long, unsigned long, bool, char const*)+0xd4
V  [libjvm.so+0xd0b6ed]  os::commit_memory_or_exit(char*, unsigned long, unsigned long, bool, char const*)+0x1d
V  [libjvm.so+0x8205fb]  G1PageBasedVirtualSpace::commit(unsigned long, unsigned long)+0xfb
V  [libjvm.so+0x83671f]  G1RegionsLargerThanCommitSizeMapper::commit_regions(unsigned int, unsigned long, WorkerThreads*)+0x9f
V  [libjvm.so+0x8c6545]  HeapRegionManager::commit_regions(unsigned int, unsigned long, WorkerThreads*)+0x55
V  [libjvm.so+0x8c81b2]  HeapRegionManager::expand(unsigned int, unsigned int, WorkerThreads*)+0x32
V  [libjvm.so+0x8c83de]  HeapRegionManager::expand_by(unsigned int, WorkerThreads*)+0x7e
V  [libjvm.so+0x7d94ff]  G1CollectedHeap::expand(unsigned long, WorkerThreads*, double*)+0xff
V  [libjvm.so+0x7dba94]  G1CollectedHeap::initialize()+0x5c4
V  [libjvm.so+0xfbad76]  universe_init()+0xd6
V  [libjvm.so+0x8e6b07]  init_globals()+0x37
V  [libjvm.so+0xf99f55]  Threads::create_vm(JavaVMInitArgs*, bool*)+0x2b5
V  [libjvm.so+0x9c12af]  JNI_CreateJavaVM+0x4f
C  [libjli.so+0x42bb]  JavaMain+0x8b
C  [libjli.so+0x7e09]  ThreadJavaMain+0x9
C  [libc.so.6+0x9caa4]

---------------  P R O C E S S  ---------------

Threads class SMR info:
_java_thread_list=0x00007fbd8480d2e0, length=0, elements={
}

Java Threads: ( => current thread )
Total: 0

Other Threads:
  0x00007fbd7c063ba0 WorkerThread "GC Thread#0"                     [id=4582, stack(0x00007fbd812f3000,0x00007fbd813f3000) (1024K)]
  0x00007fbd7c068160 ConcurrentGCThread "G1 Main Marker"            [id=4583, stack(0x00007fbd811f2000,0x00007fbd812f2000) (1024K)]
  0x00007fbd7c069100 WorkerThread "G1 Conc#0"                       [id=4584, stack(0x00007fbd810f1000,0x00007fbd811f1000) (1024K)]

[error occurred during error reporting (printing all threads), id 0xb, SIGSEGV (0xb) at pc=0x00007fbd83a7b7b0]
VM state: not at safepoint (not fully initialized)

VM Mutex/Monitor currently owned by a thread:  ([mutex/lock_event])
[0x00007fbd847e6f58] Heap_lock - owner thread: 0x00007fbd7c02ab30

Heap address: 0x0000000500000000, size: 12288 MB, Compressed Oops mode: Zero based, Oop shift amount: 3

CDS archive(s) mapped at: [0x0000000000000000-0x0000000000000000-0x0000000000000000), size 0, SharedBaseAddress: 0x0000000800000000, ArchiveRelocationMode: 1.
Narrow klass base: 0x0000000000000000, Narrow klass shift: 0, Narrow klass range: 0x0

GC Precious Log:
 CardTable entry size: 512
 Card Set container configuration: InlinePtr #cards 3 size 8 Array Of Cards #cards 256 size 528 Howl #buckets 8 coarsen threshold 58982 Howl Bitmap #cards 8192 size 1040 coarsen threshold 7372 Card regions per heap region 1 cards per card region 65536

Heap:
 garbage-first heap   total 0K, used 0K [0x0000000500000000, 0x0000000800000000)
  region size 32768K, 0 young (0K), 0 survivors (0K)

[error occurred during error reporting (printing heap information), id 0xb, SIGSEGV (0xb) at pc=0x00007fbd8404707a]
GC Heap History (0 events):
No events

Dll operation events (1 events):
Event: 0.246 Loaded shared library /usr/local/sdkman/candidates/java/21.0.9-ms/lib/libjava.so

Deoptimization events (0 events):
No events

Classes loaded (0 events):
No events

Classes unloaded (0 events):
No events

Classes redefined (0 events):
No events

Internal exceptions (0 events):
No events

ZGC Phase Switch (0 events):
No events

VM Operations (0 events):
No events

Memory protections (1 events):
Event: 0.241 Protecting memory [0x00007fbd8309b000,0x00007fbd8309f000] with protection modes 0

Nmethod flushes (0 events):
No events

Events (0 events):
No events


Dynamic libraries:
64592f589000-64592f58a000 r-xp 00000000 00:2e 561262                     /usr/local/sdkman/candidates/java/21.0.9-ms/bin/java
64592f58b000-64592f58c000 r--p 00001000 00:2e 561262                     /usr/local/sdkman/candidates/java/21.0.9-ms/bin/java
64592f58c000-64592f58d000 rw-p 00002000 00:2e 561262                     /usr/local/sdkman/candidates/java/21.0.9-ms/bin/java
64596e1b6000-64596e1fc000 rw-p 00000000 00:00 0                          [heap]
7fbd48000000-7fbd48021000 rw-p 00000000 00:00 0 
7fbd48021000-7fbd4c000000 ---p 00000000 00:00 0 
7fbd4c000000-7fbd4c021000 rw-p 00000000 00:00 0 
7fbd4c021000-7fbd50000000 ---p 00000000 00:00 0 
7fbd50000000-7fbd50021000 rw-p 00000000 00:00 0 
7fbd50021000-7fbd54000000 ---p 00000000 00:00 0 
7fbd55000000-7fbd57000000 rw-p 00000000 00:00 0 
7fbd57000000-7fbd64800000 ---p 00000000 00:00 0 
7fbd64800000-7fbd64a70000 rwxp 00000000 00:00 0 
7fbd64a70000-7fbd6bd38000 ---p 00000000 00:00 0 
7fbd6bd38000-7fbd6bfa8000 rwxp 00000000 00:00 0 
7fbd6bfa8000-7fbd6c2c7000 ---p 00000000 00:00 0 
7fbd6c2c7000-7fbd6c537000 rwxp 00000000 00:00 0 
7fbd6c537000-7fbd73800000 ---p 00000000 00:00 0 
7fbd73875000-7fbd7c000000 r--s 00000000 00:2e 561749                     /usr/local/sdkman/candidates/java/21.0.9-ms/lib/modules
7fbd7c000000-7fbd7c09b000 rw-p 00000000 00:00 0 
7fbd7c09b000-7fbd80000000 ---p 00000000 00:00 0 
7fbd80a7f000-7fbd810f0000 rw-p 00000000 00:00 0 
7fbd810f0000-7fbd810f1000 ---p 00000000 00:00 0 
7fbd810f1000-7fbd811f1000 rw-p 00000000 00:00 0 
7fbd811f1000-7fbd811f2000 ---p 00000000 00:00 0 
7fbd811f2000-7fbd812f2000 rw-p 00000000 00:00 0 
7fbd812f2000-7fbd812f3000 ---p 00000000 00:00 0 
7fbd812f3000-7fbd813f3000 rw-p 00000000 00:00 0 
7fbd813f3000-7fbd81400000 rw-p 00000000 00:00 0 
7fbd81400000-7fbd82c00000 ---p 00000000 00:00 0 
7fbd82c0b000-7fbd82e73000 rw-p 00000000 00:00 0 
7fbd82e73000-7fbd82f59000 ---p 00000000 00:00 0 
7fbd82f59000-7fbd82f5e000 rw-p 00000000 00:00 0 
7fbd82f5e000-7fbd83044000 ---p 00000000 00:00 0 
7fbd83044000-7fbd83049000 rw-p 00000000 00:00 0 
7fbd83049000-7fbd83050000 ---p 00000000 00:00 0 
7fbd83050000-7fbd83070000 r-xp 00000000 00:2e 561724                     /usr/local/sdkman/candidates/java/21.0.9-ms/lib/libjava.so
7fbd83070000-7fbd83071000 ---p 00020000 00:2e 561724                     /usr/local/sdkman/candidates/java/21.0.9-ms/lib/libjava.so
7fbd83071000-7fbd83072000 r--p 00020000 00:2e 561724                     /usr/local/sdkman/candidates/java/21.0.9-ms/lib/libjava.so
7fbd83072000-7fbd83073000 rw-p 00021000 00:2e 561724                     /usr/local/sdkman/candidates/java/21.0.9-ms/lib/libjava.so
7fbd83073000-7fbd83074000 rw-p 00000000 00:00 0 
7fbd83074000-7fbd8307c000 rw-s 00000000 08:11 1703948                    /tmp/hsperfdata_codespace/4561
7fbd8307c000-7fbd83097000 r-xp 00000000 00:2e 561728                     /usr/local/sdkman/candidates/java/21.0.9-ms/lib/libjimage.so
7fbd83097000-7fbd83098000 ---p 0001b000 00:2e 561728                     /usr/local/sdkman/candidates/java/21.0.9-ms/lib/libjimage.so
7fbd83098000-7fbd8309a000 r--p 0001b000 00:2e 561728                     /usr/local/sdkman/candidates/java/21.0.9-ms/lib/libjimage.so
7fbd8309a000-7fbd8309b000 rw-p 0001d000 00:2e 561728                     /usr/local/sdkman/candidates/java/21.0.9-ms/lib/libjimage.so
7fbd8309b000-7fbd8309f000 ---p 00000000 00:00 0 
7fbd8309f000-7fbd8319b000 rw-p 00000000 00:00 0 
7fbd8319b000-7fbd831ab000 r--p 00000000 00:2e 132002                     /usr/lib/x86_64-linux-gnu/libm.so.6
7fbd831ab000-7fbd8322a000 r-xp 00010000 00:2e 132002                     /usr/lib/x86_64-linux-gnu/libm.so.6
7fbd8322a000-7fbd83282000 r--p 0008f000 00:2e 132002                     /usr/lib/x86_64-linux-gnu/libm.so.6
7fbd83282000-7fbd83283000 r--p 000e7000 00:2e 132002                     /usr/lib/x86_64-linux-gnu/libm.so.6
7fbd83283000-7fbd83284000 rw-p 000e8000 00:2e 132002                     /usr/lib/x86_64-linux-gnu/libm.so.6
7fbd83284000-7fbd83285000 r--p 00000000 00:2e 132041                     /usr/lib/x86_64-linux-gnu/librt.so.1
7fbd83285000-7fbd83286000 r-xp 00001000 00:2e 132041                     /usr/lib/x86_64-linux-gnu/librt.so.1
7fbd83286000-7fbd83287000 r--p 00002000 00:2e 132041                     /usr/lib/x86_64-linux-gnu/librt.so.1
7fbd83287000-7fbd83288000 r--p 00002000 00:2e 132041                     /usr/lib/x86_64-linux-gnu/librt.so.1
7fbd83288000-7fbd83289000 rw-p 00003000 00:2e 132041                     /usr/lib/x86_64-linux-gnu/librt.so.1
7fbd83289000-7fbd846b0000 r-xp 00000000 00:2e 561761                     /usr/local/sdkman/candidates/java/21.0.9-ms/lib/server/libjvm.so
7fbd846b0000-7fbd84785000 r--p 01426000 00:2e 561761                     /usr/local/sdkman/candidates/java/21.0.9-ms/lib/server/libjvm.so
7fbd84785000-7fbd847b5000 rw-p 014fb000 00:2e 561761                     /usr/local/sdkman/candidates/java/21.0.9-ms/lib/server/libjvm.so
7fbd847b5000-7fbd8481f000 rw-p 00000000 00:00 0 
7fbd8481f000-7fbd84847000 r--p 00000000 00:2e 131960                     /usr/lib/x86_64-linux-gnu/libc.so.6
7fbd84847000-7fbd849cf000 r-xp 00028000 00:2e 131960                     /usr/lib/x86_64-linux-gnu/libc.so.6
7fbd849cf000-7fbd84a1e000 r--p 001b0000 00:2e 131960                     /usr/lib/x86_64-linux-gnu/libc.so.6
7fbd84a1e000-7fbd84a22000 r--p 001fe000 00:2e 131960                     /usr/lib/x86_64-linux-gnu/libc.so.6
7fbd84a22000-7fbd84a24000 rw-p 00202000 00:2e 131960                     /usr/lib/x86_64-linux-gnu/libc.so.6
7fbd84a24000-7fbd84a31000 rw-p 00000000 00:00 0 
7fbd84a31000-7fbd84a32000 r--p 00000000 00:2e 131974                     /usr/lib/x86_64-linux-gnu/libdl.so.2
7fbd84a32000-7fbd84a33000 r-xp 00001000 00:2e 131974                     /usr/lib/x86_64-linux-gnu/libdl.so.2
7fbd84a33000-7fbd84a34000 r--p 00002000 00:2e 131974                     /usr/lib/x86_64-linux-gnu/libdl.so.2
7fbd84a34000-7fbd84a35000 r--p 00002000 00:2e 131974                     /usr/lib/x86_64-linux-gnu/libdl.so.2
7fbd84a35000-7fbd84a36000 rw-p 00003000 00:2e 131974                     /usr/lib/x86_64-linux-gnu/libdl.so.2
7fbd84a36000-7fbd84a37000 r--p 00000000 00:2e 132039                     /usr/lib/x86_64-linux-gnu/libpthread.so.0
7fbd84a37000-7fbd84a38000 r-xp 00001000 00:2e 132039                     /usr/lib/x86_64-linux-gnu/libpthread.so.0
7fbd84a38000-7fbd84a39000 r--p 00002000 00:2e 132039                     /usr/lib/x86_64-linux-gnu/libpthread.so.0
7fbd84a39000-7fbd84a3a000 r--p 00002000 00:2e 132039                     /usr/lib/x86_64-linux-gnu/libpthread.so.0
7fbd84a3a000-7fbd84a3b000 rw-p 00003000 00:2e 132039                     /usr/lib/x86_64-linux-gnu/libpthread.so.0
7fbd84a3b000-7fbd84a49000 r-xp 00000000 00:2e 561729                     /usr/local/sdkman/candidates/java/21.0.9-ms/lib/libjli.so
7fbd84a49000-7fbd84a4a000 ---p 0000e000 00:2e 561729                     /usr/local/sdkman/candidates/java/21.0.9-ms/lib/libjli.so
7fbd84a4a000-7fbd84a4b000 r--p 0000e000 00:2e 561729                     /usr/local/sdkman/candidates/java/21.0.9-ms/lib/libjli.so
7fbd84a4b000-7fbd84a4c000 rw-p 0000f000 00:2e 561729                     /usr/local/sdkman/candidates/java/21.0.9-ms/lib/libjli.so
7fbd84a4c000-7fbd84a4e000 r--p 00000000 00:2e 132073                     /usr/lib/x86_64-linux-gnu/libz.so.1.3
7fbd84a4e000-7fbd84a60000 r-xp 00002000 00:2e 132073                     /usr/lib/x86_64-linux-gnu/libz.so.1.3
7fbd84a60000-7fbd84a66000 r--p 00014000 00:2e 132073                     /usr/lib/x86_64-linux-gnu/libz.so.1.3
7fbd84a66000-7fbd84a67000 r--p 0001a000 00:2e 132073                     /usr/lib/x86_64-linux-gnu/libz.so.1.3
7fbd84a67000-7fbd84a68000 rw-p 0001b000 00:2e 132073                     /usr/lib/x86_64-linux-gnu/libz.so.1.3
7fbd84a6c000-7fbd84a6d000 ---p 00000000 00:00 0 
7fbd84a6d000-7fbd84a6e000 r--p 00000000 00:00 0 
7fbd84a6e000-7fbd84a6f000 ---p 00000000 00:00 0 
7fbd84a6f000-7fbd84a71000 rw-p 00000000 00:00 0 
7fbd84a71000-7fbd84a72000 r--p 00000000 00:2e 131940                     /usr/lib/x86_64-linux-gnu/ld-linux-x86-64.so.2
7fbd84a72000-7fbd84a9d000 r-xp 00001000 00:2e 131940                     /usr/lib/x86_64-linux-gnu/ld-linux-x86-64.so.2
7fbd84a9d000-7fbd84aa7000 r--p 0002c000 00:2e 131940                     /usr/lib/x86_64-linux-gnu/ld-linux-x86-64.so.2
7fbd84aa7000-7fbd84aa9000 r--p 00036000 00:2e 131940                     /usr/lib/x86_64-linux-gnu/ld-linux-x86-64.so.2
7fbd84aa9000-7fbd84aab000 rw-p 00038000 00:2e 131940                     /usr/lib/x86_64-linux-gnu/ld-linux-x86-64.so.2
7ffeab3f6000-7ffeab418000 rw-p 00000000 00:00 0                          [stack]
7ffeab5e2000-7ffeab5e6000 r--p 00000000 00:00 0                          [vvar]
7ffeab5e6000-7ffeab5e8000 r-xp 00000000 00:00 0                          [vdso]
ffffffffff600000-ffffffffff601000 --xp 00000000 00:00 0                  [vsyscall]
Total number of mappings: 100

JVMTI agents: none


VM Arguments:
jvm_args: -Xms12288M -Xmx12288M -XX:+UnlockExperimentalVMOptions -XX:+UseG1GC -XX:G1NewSizePercent=20 -XX:G1ReservePercent=20 -XX:MaxGCPauseMillis=50 -XX:G1HeapRegionSize=32M 
java_command: server.jar nogui
java_class_path (initial): server.jar
Launcher Type: SUN_STANDARD

[Global flags]
     intx CICompilerCount                          = 2                                         {product} {ergonomic}
     uint ConcGCThreads                            = 1                                         {product} {ergonomic}
     uint G1ConcRefinementThreads                  = 2                                         {product} {ergonomic}
     uint G1EagerReclaimRemSetThreshold            = 256                                  {experimental} {ergonomic}
   size_t G1HeapRegionSize                         = 33554432                                  {product} {command line}
    uintx G1NewSizePercent                         = 20                                   {experimental} {command line}
     uint G1RemSetArrayOfCardsEntries              = 256                                  {experimental} {ergonomic}
     uint G1RemSetHowlMaxNumBuckets                = 8                                    {experimental} {ergonomic}
     uint G1RemSetHowlNumBuckets                   = 8                                    {experimental} {ergonomic}
    uintx G1ReservePercent                         = 20                                        {product} {command line}
    uintx GCDrainStackTargetSize                   = 64                                        {product} {ergonomic}
   size_t InitialHeapSize                          = 12884901888                               {product} {command line}
   size_t MarkStackSize                            = 4194304                                   {product} {ergonomic}
    uintx MaxGCPauseMillis                         = 50                                        {product} {command line}
   size_t MaxHeapSize                              = 12884901888                               {product} {command line}
   size_t MinHeapDeltaBytes                        = 33554432                                  {product} {ergonomic}
   size_t MinHeapSize                              = 12884901888                               {product} {command line}
    uintx NonNMethodCodeHeapSize                   = 5826188                                {pd product} {ergonomic}
    uintx NonProfiledCodeHeapSize                  = 122916026                              {pd product} {ergonomic}
    uintx ProfiledCodeHeapSize                     = 122916026                              {pd product} {ergonomic}
    uintx ReservedCodeCacheSize                    = 251658240                              {pd product} {ergonomic}
     bool SegmentedCodeCache                       = true                                      {product} {ergonomic}
   size_t SoftMaxHeapSize                          = 12884901888                            {manageable} {ergonomic}
     bool UnlockExperimentalVMOptions              = true                                 {experimental} {command line}
     bool UseCompressedOops                        = true                           {product lp64_product} {ergonomic}
     bool UseG1GC                                  = true                                      {product} {command line}

Logging:
Log output configuration:
 #0: stdout all=warning uptime,level,tags foldmultilines=false
 #1: stderr all=off uptime,level,tags foldmultilines=false

Release file:
<release file has not been read>
Environment Variables:
JAVA_HOME=/usr/local/sdkman/candidates/java/current
PATH=/usr/local/rvm/gems/ruby-3.4.1/bin:/usr/local/rvm/gems/ruby-3.4.1@global/bin:/usr/local/rvm/rubies/ruby-3.4.1/bin:/vscode/bin/linux-x64/618725e67565b290ba4da6fe2d29f8fa1d4e3622/bin/remote-cli:/home/codespace/.local/bin:/home/codespace/.dotnet:/home/codespace/nvm/current/bin:/home/codespace/.php/current/bin:/home/codespace/.python/current/bin:/home/codespace/java/current/bin:/home/codespace/.ruby/current/bin:/home/codespace/.local/bin:/usr/local/python/current/bin:/usr/local/py-utils/bin:/usr/local/jupyter:/usr/local/oryx:/usr/local/go/bin:/go/bin:/usr/local/sdkman/bin:/usr/local/sdkman/candidates/java/current/bin:/usr/local/sdkman/candidates/gradle/current/bin:/usr/local/sdkman/candidates/maven/current/bin:/usr/local/sdkman/candidates/ant/current/bin:/usr/local/rvm/gems/default/bin:/usr/local/rvm/gems/default@global/bin:/usr/local/rvm/rubies/default/bin:/usr/local/share/rbenv/bin:/usr/local/php/current/bin:/opt/conda/bin:/usr/local/nvs:/usr/local/share/nvm/versions/node/v22.21.1/bin:/usr/local/hugo/bin:/usr/local/sbin:/usr/local/bin:/usr/sbin:/usr/bin:/sbin:/bin:/usr/share/dotnet:/home/codespace/.dotnet/tools:/usr/local/rvm/bin
SHELL=/bin/bash
LANG=C.UTF-8
TERM=xterm-256color

Active Locale:
LC_ALL=C
LC_COLLATE=C
LC_CTYPE=C
LC_MESSAGES=C
LC_MONETARY=C
LC_NUMERIC=C
LC_TIME=C

Signal Handlers:
   SIGSEGV: crash_handler in libjvm.so, mask=11100100010111111101111111111110, flags=SA_RESTART|SA_SIGINFO, unblocked
    SIGBUS: crash_handler in libjvm.so, mask=11100100010111111101111111111110, flags=SA_RESTART|SA_SIGINFO, unblocked
    SIGFPE: crash_handler in libjvm.so, mask=11100100010111111101111111111110, flags=SA_RESTART|SA_SIGINFO, unblocked
   SIGPIPE: javaSignalHandler in libjvm.so, mask=11100100010111111101111111111110, flags=SA_RESTART|SA_SIGINFO, blocked
   SIGXFSZ: javaSignalHandler in libjvm.so, mask=11100100010111111101111111111110, flags=SA_RESTART|SA_SIGINFO, blocked
    SIGILL: crash_handler in libjvm.so, mask=11100100010111111101111111111110, flags=SA_RESTART|SA_SIGINFO, unblocked
   SIGUSR2: SR_handler in libjvm.so, mask=00000000000000000000000000000000, flags=SA_RESTART|SA_SIGINFO, blocked
    SIGHUP: SIG_DFL, mask=00000000000000000000000000000000, flags=none, blocked
    SIGINT: SIG_DFL, mask=00000000000000000000000000000000, flags=none, blocked
   SIGTERM: SIG_DFL, mask=00000000000000000000000000000000, flags=none, blocked
   SIGQUIT: UserHandler in libjvm.so, mask=11100100010111111101111111111110, flags=SA_RESTART|SA_SIGINFO, blocked
   SIGTRAP: crash_handler in libjvm.so, mask=11100100010111111101111111111110, flags=SA_RESTART|SA_SIGINFO, unblocked


Periodic native trim disabled

---------------  S Y S T E M  ---------------

OS:
DISTRIB_ID=Ubuntu
DISTRIB_RELEASE=24.04
DISTRIB_CODENAME=noble
DISTRIB_DESCRIPTION="Ubuntu 24.04.3 LTS"
uname: Linux 6.8.0-1030-azure #35~22.04.1-Ubuntu SMP Mon May 26 18:08:30 UTC 2025 x86_64
OS uptime: 0 days 0:06 hours
libc: glibc 2.39 NPTL 2.39 
rlimit (soft/hard): STACK 8192k/infinity , CORE infinity/infinity , NPROC infinity/infinity , NOFILE 1048576/1048576 , AS infinity/infinity , CPU infinity/infinity , DATA infinity/infinity , FSIZE infinity/infinity , MEMLOCK 8192k/8192k
load average: 10.12 5.29 2.26

/proc/meminfo:
MemTotal:        8135332 kB
MemFree:          212480 kB
MemAvailable:    6301440 kB
Buffers:           99948 kB
Cached:          6166824 kB
SwapCached:            0 kB
Active:          3791744 kB
Inactive:        3714216 kB
Active(anon):     745268 kB
Inactive(anon):   564656 kB
Active(file):    3046476 kB
Inactive(file):  3149560 kB
Unevictable:       30928 kB
Mlocked:           27856 kB
SwapTotal:             0 kB
SwapFree:              0 kB
Zswap:                 0 kB
Zswapped:              0 kB
Dirty:            259944 kB
Writeback:             0 kB
AnonPages:       1263924 kB
Mapped:           314412 kB
Shmem:             61428 kB
KReclaimable:     206552 kB
Slab:             292364 kB
SReclaimable:     206552 kB
SUnreclaim:        85812 kB
KernelStack:        6912 kB
PageTables:        22556 kB
SecPageTables:         0 kB
NFS_Unstable:          0 kB
Bounce:                0 kB
WritebackTmp:          0 kB
CommitLimit:     4067664 kB
Committed_AS:    3055656 kB
VmallocTotal:   34359738367 kB
VmallocUsed:       39900 kB
VmallocChunk:          0 kB
Percpu:             1192 kB
HardwareCorrupted:     0 kB
AnonHugePages:    483328 kB
ShmemHugePages:        0 kB
ShmemPmdMapped:        0 kB
FileHugePages:         0 kB
FilePmdMapped:         0 kB
Unaccepted:            0 kB
HugePages_Total:       0
HugePages_Free:        0
HugePages_Rsvd:        0
HugePages_Surp:        0
Hugepagesize:       2048 kB
Hugetlb:               0 kB
DirectMap4k:      137152 kB
DirectMap2M:     4057088 kB
DirectMap1G:     6291456 kB

/sys/kernel/mm/transparent_hugepage/enabled: [always] madvise never
/sys/kernel/mm/transparent_hugepage/hpage_pmd_size: 2097152
/sys/kernel/mm/transparent_hugepage/defrag (defrag/compaction efforts parameter): always defer defer+madvise [madvise] never

Process Memory:
Virtual Size: 966756K (peak: 13545128K)
Resident Set Size: 20224K (peak: 20224K) (anon: 7040K, file: 13184K, shmem: 0K)
Swapped out: 0K
C-Heap outstanding allocations: 9754K, retained: 601K
glibc malloc tunables: (default)

/proc/sys/kernel/threads-max (system-wide limit on the number of threads): 63498
/proc/sys/vm/max_map_count (maximum number of memory map areas a process may have): 65530
/proc/sys/vm/swappiness (control to define how aggressively the kernel swaps out anonymous memory): 60
/proc/sys/kernel/pid_max (system-wide limit on number of process identifiers): 4194304

container information not found.
Hyper-V virtualization detected
Steal ticks since vm start: 0
Steal ticks percentage since vm start:  0.000

CPU: total 2 (initial active 2) (16 cores per cpu, 2 threads per core) family 25 model 1 stepping 1 microcode 0xffffffff, cx8, cmov, fxsr, ht, mmx, 3dnowpref, sse, sse2, sse3, ssse3, sse4a, sse4.1, sse4.2, popcnt, lzcnt, tsc, tscinvbit, avx, avx2, aes, erms, clmul, bmi1, bmi2, adx, sha, fma, vzeroupper, clflush, clflushopt, hv, rdtscp, rdpid, fsrm, f16c, cet_ss
CPU Model and flags from /proc/cpuinfo:
model name	: AMD EPYC 7763 64-Core Processor
flags		: fpu vme de pse tsc msr pae mce cx8 apic sep mtrr pge mca cmov pat pse36 clflush mmx fxsr sse sse2 ht syscall nx mmxext fxsr_opt pdpe1gb rdtscp lm constant_tsc rep_good nopl tsc_reliable nonstop_tsc cpuid extd_apicid aperfmperf tsc_known_freq pni pclmulqdq ssse3 fma cx16 pcid sse4_1 sse4_2 movbe popcnt aes xsave avx f16c rdrand hypervisor lahf_lm cmp_legacy svm cr8_legacy abm sse4a misalignsse 3dnowprefetch osvw topoext vmmcall fsgsbase bmi1 avx2 smep bmi2 erms invpcid rdseed adx smap clflushopt clwb sha_ni xsaveopt xsavec xgetbv1 xsaves user_shstk clzero xsaveerptr rdpru arat npt nrip_save tsc_scale vmcb_clean flushbyasid decodeassists pausefilter pfthreshold v_vmsave_vmload umip vaes vpclmulqdq rdpid fsrm

Online cpus: 0-1
Offline cpus: 
BIOS frequency limitation: <Not Available>
Frequency switch latency (ns): <Not Available>
Available cpu frequencies: <Not Available>
Current governor: <Not Available>
Core performance/turbo boost: <Not Available>

Memory: 4k page, physical 8135332k(6301440k free), swap 0k(0k free)
Page Sizes: 4k

vm_info: OpenJDK 64-Bit Server VM (21.0.9+10-LTS) for linux-amd64 JRE (21.0.9+10-LTS), built on 2025-10-13T22:00:07Z by "MicrosoftCorporation" with gcc 11.3.0

END.
